Archive member included to satisfy reference by file (symbol)

C:/ST/STM32CubeIDE_1.18.1/STM32CubeIDE/plugins/com.st.stm32cube.ide.mcu.externaltools.gnu-tools-for-stm32.13.3.rel1.win32_1.0.0.202411081344/tools/bin/../lib/gcc/arm-none-eabi/13.3.1/../../../../arm-none-eabi/lib/thumb/v7e-m+dp/softfp\libc_nano.a(libc_a-exit.o)
                              C:/ST/STM32CubeIDE_1.18.1/STM32CubeIDE/plugins/com.st.stm32cube.ide.mcu.externaltools.gnu-tools-for-stm32.13.3.rel1.win32_1.0.0.202411081344/tools/bin/../lib/gcc/arm-none-eabi/13.3.1/../../../../arm-none-eabi/lib/thumb/v7e-m+dp/softfp/crt0.o (exit)
C:/ST/STM32CubeIDE_1.18.1/STM32CubeIDE/plugins/com.st.stm32cube.ide.mcu.externaltools.gnu-tools-for-stm32.13.3.rel1.win32_1.0.0.202411081344/tools/bin/../lib/gcc/arm-none-eabi/13.3.1/../../../../arm-none-eabi/lib/thumb/v7e-m+dp/softfp\libc_nano.a(libc_a-findfp.o)
                              C:/ST/STM32CubeIDE_1.18.1/STM32CubeIDE/plugins/com.st.stm32cube.ide.mcu.externaltools.gnu-tools-for-stm32.13.3.rel1.win32_1.0.0.202411081344/tools/bin/../lib/gcc/arm-none-eabi/13.3.1/../../../../arm-none-eabi/lib/thumb/v7e-m+dp/softfp\libc_nano.a(libc_a-exit.o) (__stdio_exit_handler)
C:/ST/STM32CubeIDE_1.18.1/STM32CubeIDE/plugins/com.st.stm32cube.ide.mcu.externaltools.gnu-tools-for-stm32.13.3.rel1.win32_1.0.0.202411081344/tools/bin/../lib/gcc/arm-none-eabi/13.3.1/../../../../arm-none-eabi/lib/thumb/v7e-m+dp/softfp\libc_nano.a(libc_a-fwalk.o)
                              C:/ST/STM32CubeIDE_1.18.1/STM32CubeIDE/plugins/com.st.stm32cube.ide.mcu.externaltools.gnu-tools-for-stm32.13.3.rel1.win32_1.0.0.202411081344/tools/bin/../lib/gcc/arm-none-eabi/13.3.1/../../../../arm-none-eabi/lib/thumb/v7e-m+dp/softfp\libc_nano.a(libc_a-findfp.o) (_fwalk_sglue)
C:/ST/STM32CubeIDE_1.18.1/STM32CubeIDE/plugins/com.st.stm32cube.ide.mcu.externaltools.gnu-tools-for-stm32.13.3.rel1.win32_1.0.0.202411081344/tools/bin/../lib/gcc/arm-none-eabi/13.3.1/../../../../arm-none-eabi/lib/thumb/v7e-m+dp/softfp\libc_nano.a(libc_a-stdio.o)
                              C:/ST/STM32CubeIDE_1.18.1/STM32CubeIDE/plugins/com.st.stm32cube.ide.mcu.externaltools.gnu-tools-for-stm32.13.3.rel1.win32_1.0.0.202411081344/tools/bin/../lib/gcc/arm-none-eabi/13.3.1/../../../../arm-none-eabi/lib/thumb/v7e-m+dp/softfp\libc_nano.a(libc_a-findfp.o) (__sread)
C:/ST/STM32CubeIDE_1.18.1/STM32CubeIDE/plugins/com.st.stm32cube.ide.mcu.externaltools.gnu-tools-for-stm32.13.3.rel1.win32_1.0.0.202411081344/tools/bin/../lib/gcc/arm-none-eabi/13.3.1/../../../../arm-none-eabi/lib/thumb/v7e-m+dp/softfp\libc_nano.a(libc_a-memset.o)
                              C:/ST/STM32CubeIDE_1.18.1/STM32CubeIDE/plugins/com.st.stm32cube.ide.mcu.externaltools.gnu-tools-for-stm32.13.3.rel1.win32_1.0.0.202411081344/tools/bin/../lib/gcc/arm-none-eabi/13.3.1/../../../../arm-none-eabi/lib/thumb/v7e-m+dp/softfp/crt0.o (memset)
C:/ST/STM32CubeIDE_1.18.1/STM32CubeIDE/plugins/com.st.stm32cube.ide.mcu.externaltools.gnu-tools-for-stm32.13.3.rel1.win32_1.0.0.202411081344/tools/bin/../lib/gcc/arm-none-eabi/13.3.1/../../../../arm-none-eabi/lib/thumb/v7e-m+dp/softfp\libc_nano.a(libc_a-closer.o)
                              C:/ST/STM32CubeIDE_1.18.1/STM32CubeIDE/plugins/com.st.stm32cube.ide.mcu.externaltools.gnu-tools-for-stm32.13.3.rel1.win32_1.0.0.202411081344/tools/bin/../lib/gcc/arm-none-eabi/13.3.1/../../../../arm-none-eabi/lib/thumb/v7e-m+dp/softfp\libc_nano.a(libc_a-stdio.o) (_close_r)
C:/ST/STM32CubeIDE_1.18.1/STM32CubeIDE/plugins/com.st.stm32cube.ide.mcu.externaltools.gnu-tools-for-stm32.13.3.rel1.win32_1.0.0.202411081344/tools/bin/../lib/gcc/arm-none-eabi/13.3.1/../../../../arm-none-eabi/lib/thumb/v7e-m+dp/softfp\libc_nano.a(libc_a-reent.o)
                              C:/ST/STM32CubeIDE_1.18.1/STM32CubeIDE/plugins/com.st.stm32cube.ide.mcu.externaltools.gnu-tools-for-stm32.13.3.rel1.win32_1.0.0.202411081344/tools/bin/../lib/gcc/arm-none-eabi/13.3.1/../../../../arm-none-eabi/lib/thumb/v7e-m+dp/softfp\libc_nano.a(libc_a-closer.o) (errno)
C:/ST/STM32CubeIDE_1.18.1/STM32CubeIDE/plugins/com.st.stm32cube.ide.mcu.externaltools.gnu-tools-for-stm32.13.3.rel1.win32_1.0.0.202411081344/tools/bin/../lib/gcc/arm-none-eabi/13.3.1/../../../../arm-none-eabi/lib/thumb/v7e-m+dp/softfp\libc_nano.a(libc_a-impure.o)
                              C:/ST/STM32CubeIDE_1.18.1/STM32CubeIDE/plugins/com.st.stm32cube.ide.mcu.externaltools.gnu-tools-for-stm32.13.3.rel1.win32_1.0.0.202411081344/tools/bin/../lib/gcc/arm-none-eabi/13.3.1/../../../../arm-none-eabi/lib/thumb/v7e-m+dp/softfp\libc_nano.a(libc_a-reent.o) (_impure_ptr)
C:/ST/STM32CubeIDE_1.18.1/STM32CubeIDE/plugins/com.st.stm32cube.ide.mcu.externaltools.gnu-tools-for-stm32.13.3.rel1.win32_1.0.0.202411081344/tools/bin/../lib/gcc/arm-none-eabi/13.3.1/../../../../arm-none-eabi/lib/thumb/v7e-m+dp/softfp\libc_nano.a(libc_a-lseekr.o)
[...]
Memory Configuration

Name             Origin             Length             Attributes
RAM_D1           0x24000000         0x00080000         xrw
FLASH            0x08000000         0x00100000         xr
DTCMRAM          0x20000000         0x00020000         xrw
RAM_D2           0x30000000         0x00048000         xrw
RAM_D3           0x38000000         0x00010000         xrw
ITCMRAM          0x00000000         0x00010000         xrw
*default*        0x00000000         0xffffffff

Linker script and memory map

LOAD C:/ST/STM32CubeIDE_1.18.1/STM32CubeIDE/plugins/com.st.stm32cube.ide.mcu.externaltools.gnu-tools-for-stm32.13.3.rel1.win32_1.0.0.202411081344/tools/bin/../lib/gcc/arm-none-eabi/13.3.1/thumb/v7e-m+dp/softfp/crti.o
LOAD C:/ST/STM32CubeIDE_1.18.1/STM32CubeIDE/plugins/com.st.stm32cube.ide.mcu.externaltools.gnu-tools-for-stm32.13.3.rel1.win32_1.0.0.202411081344/tools/bin/../lib/gcc/arm-none-eabi/13.3.1/thumb/v7e-m+dp/softfp/crtbegin.o
LOAD C:/ST/STM32CubeIDE_1.18.1/STM32CubeIDE/plugins/com.st.stm32cube.ide.mcu.externaltools.gnu-tools-for-stm32.13.3.rel1.win32_1.0.0.202411081344/tools/bin/../lib/gcc/arm-none-eabi/13.3.1/../../../../arm-none-eabi/lib/thumb/v7e-m+dp/softfp/crt0.o
LOAD ./Inc/Char_lib.o
LOAD ./Inc/LCD_draw_lib.o
LOAD ./Inc/LCD_out.o
LOAD ./Inc/board.o
LOAD ./Inc/board_functions.o
LOAD ./Src/main.o
LOAD ./Src/syscalls.o
LOAD ./Src/sysmem.o
LOAD ./Startup/startup_stm32h755zitx.o
START GROUP
LOAD C:/ST/STM32CubeIDE_1.18.1/STM32CubeIDE/plugins/com.st.stm32cube.ide.mcu.externaltools.gnu-tools-for-stm32.13.3.rel1.win32_1.0.0.202411081344/tools/bin/../lib/gcc/arm-none-eabi/13.3.1/../../../../arm-none-eabi/lib/thumb/v7e-m+dp/softfp\libc_nano.a
LOAD C:/ST/STM32CubeIDE_1.18.1/STM32CubeIDE/plugins/com.st.stm32cube.ide.mcu.externaltools.gnu-tools-for-stm32.13.3.rel1.win32_1.0.0.202411081344/tools/bin/../lib/gcc/arm-none-eabi/13.3.1/../../../../arm-none-eabi/lib/thumb/v7e-m+dp/softfp\libm.a
END GROUP
START GROUP
LOAD C:/ST/STM32CubeIDE_1.18.1/STM32CubeIDE/plugins/com.st.stm32cube.ide.mcu.externaltools.gnu-tools-for-stm32.13.3.rel1.win32_1.0.0.202411081344/tools/bin/../lib/gcc/arm-none-eabi/13.3.1/thumb/v7e-m+dp/softfp\libgcc.a
LOAD C:/ST/STM32CubeIDE_1.18.1/STM32CubeIDE/plugins/com.st.stm32cube.ide.mcu.externaltools.gnu-tools-for-stm32.13.3.rel1.win32_1.0.0.202411081344/tools/bin/../lib/gcc/arm-none-eabi/13.3.1/../../../../arm-none-eabi/lib/thumb/v7e-m+dp/softfp\libc_nano.a
END GROUP
START GROUP
LOAD C:/ST/STM32CubeIDE_1.18.1/STM32CubeIDE/plugins/com.st.stm32cube.ide.mcu.externaltools.gnu-tools-for-stm32.13.3.rel1.win32_1.0.0.202411081344/tools/bin/../lib/gcc/arm-none-eabi/13.3.1/thumb/v7e-m+dp/softfp\libgcc.a
LOAD C:/ST/STM32CubeIDE_1.18.1/STM32CubeIDE/plugins/com.st.stm32cube.ide.mcu.externaltools.gnu-tools-for-stm32.13.3.rel1.win32_1.0.0.202411081344/tools/bin/../lib/gcc/arm-none-eabi/13.3.1/../../../../arm-none-eabi/lib/thumb/v7e-m+dp/softfp\libc_nano.a
LOAD C:/ST/STM32CubeIDE_1.18.1/STM32CubeIDE/plugins/com.st.stm32cube.ide.mcu.externaltools.gnu-tools-for-stm32.13.3.rel1.win32_1.0.0.202411081344/tools/bin/../lib/gcc/arm-none-eabi/13.3.1/../../../../arm-none-eabi/lib/thumb/v7e-m+dp/softfp\libnosys.a
END GROUP
START GROUP
LOAD C:/ST/STM32CubeIDE_1.18.1/STM32CubeIDE/plugins/com.st.stm32cube.ide.mcu.externaltools.gnu-tools-for-stm32.13.3.rel1.win32_1.0.0.202411081344/tools/bin/../lib/gcc/arm-none-eabi/13.3.1/thumb/v7e-m+dp/softfp\libgcc.a
LOAD C:/ST/STM32CubeIDE_1.18.1/STM32CubeIDE/plugins/com.st.stm32cube.ide.mcu.externaltools.gnu-tools-for-stm32.13.3.rel1.win32_1.0.0.202411081344/tools/bin/../lib/gcc/arm-none-eabi/13.3.1/../../../../arm-none-eabi/lib/thumb/v7e-m+dp/softfp\libc_nano.a
LOAD C:/ST/STM32CubeIDE_1.18.1/STM32CubeIDE/plugins/com.st.stm32cube.ide.mcu.externaltools.gnu-tools-for-stm32.13.3.rel1.win32_1.0.0.202411081344/tools/bin/../lib/gcc/arm-none-eabi/13.3.1/../../../../arm-none-eabi/lib/thumb/v7e-m+dp/softfp\libnosys.a
END GROUP
LOAD C:/ST/STM32CubeIDE_1.18.1/STM32CubeIDE/plugins/com.st.stm32cube.ide.mcu.externaltools.gnu-tools-for-stm32.13.3.rel1.win32_1.0.0.202411081344/tools/bin/../lib/gcc/arm-none-eabi/13.3.1/thumb/v7e-m+dp/softfp/crtend.o
LOAD C:/ST/STM32CubeIDE_1.18.1/STM32CubeIDE/plugins/com.st.stm32cube.ide.mcu.externaltools.gnu-tools-for-stm32.13.3.rel1.win32_1.0.0.202411081344/tools/bin/../lib/gcc/arm-none-eabi/13.3.1/thumb/v7e-m+dp/softfp/crtn.o
                0x24080000                        _estack = (ORIGIN (RAM_D1) + LENGTH (RAM_D1))
                0x00000200                        _Min_Heap_Size = 0x200
                0x00000400                        _Min_Stack_Size = 0x400

.isr_vector     0x08000000      0x298
                0x08000000                        . = ALIGN (0x4)
 *(.isr_vector)
 .isr_vector    0x08000000      0x298 ./Startup/startup_stm32h755zitx.o
                0x08000000                g_pfnVectors
                0x08000298                        . = ALIGN (0x4)

.text           0x08000298      0xdec
                0x08000298                        . = ALIGN (0x4)
 *(.text)
 .text          0x08000298       0x40 C:/ST/STM32CubeIDE_1.18.1/STM32CubeIDE/plugins/com.st.stm32cube.ide.mcu.externaltools.gnu-tools-for-stm32.13.3.rel1.win32_1.0.0.202411081344/tools/bin/../lib/gcc/arm-none-eabi/13.3.1/thumb/v7e-m+dp/softfp/crtbegin.o
 *(.text*)
 .text.LCD_command
                0x080002d8       0x18 ./Inc/LCD_draw_lib.o
                0x080002d8                LCD_command
 .text.LCD_dataw
                0x080002f0       0x18 ./Inc/LCD_draw_lib.o
                0x080002f0                LCD_dataw
 .text.scr_area
                0x08000308       0x34 ./Inc/LCD_draw_lib.o
                0x08000308                scr_area
 .text.LCD_Scroll
                0x0800033c       0x64 ./Inc/LCD_draw_lib.o
                0x0800033c                LCD_Scroll
 .text.Line     0x080003a0       0x84 ./Inc/LCD_draw_lib.o
                0x080003a0                Line
 .text.Rect     0x08000424       0x90 ./Inc/LCD_draw_lib.o
                0x08000424                Rect
 .text.LCD_write
                0x080004b4       0x20 ./Inc/LCD_out.o
                0x080004b4                LCD_write
 .text.LCD_Init
                0x080004d4       0x9c ./Inc/LCD_out.o
                0x080004d4                LCD_Init
 .text.board_voltage
                0x08000570       0x50 ./Inc/board.o
                0x08000570                board_voltage
 .text.board_oclk
                0x080005c0      0x1a4 ./Inc/board.o
                0x080005c0                board_oclk
 .text.board_start
                0x08000764       0xc0 ./Inc/board.o
                0x08000764                board_start
 .text.DWT_Init
                0x08000824       0x28 ./Inc/board.o
                0x08000824                DWT_Init
 .text.delay    0x0800084c       0x60 ./Inc/board_functions.o
                0x0800084c                delay
 .text.TIM2_IRQHandler
                0x080008ac       0x18 ./Inc/board_functions.o
                0x080008ac                TIM2_IRQHandler
 .text.delay_u  0x080008c4       0x5c ./Inc/board_functions.o
                0x080008c4                delay_u
 .text.TIM3_IRQHandler
                0x08000920       0x1c ./Inc/board_functions.o
                0x08000920                TIM3_IRQHandler
 .text.RandomNG
                0x0800093c       0x70 ./Inc/board_functions.o
                0x0800093c                RandomNG
 .text.hwswflpy
                0x080009ac       0x10 ./Inc/board_functions.o
                0x080009ac                hwswflpy
 .text.hit_tstf
                0x080009bc       0x70 ./Src/main.o
                0x080009bc                hit_tstf
 .text.tuberand
                0x08000a2c       0x28 ./Src/main.o
                0x08000a2c                tuberand
 .text.flappy_poso
                0x08000a54      0x1ac ./Src/main.o
                0x08000a54                flappy_poso
 .text.flappy   0x08000c00       0x90 ./Src/main.o
                0x08000c00                flappy
 .text.bird     0x08000c90       0x48 ./Src/main.o
                0x08000c90                bird
 .text.flappy_pos
                0x08000cd8       0x96 ./Src/main.o
                0x08000cd8                flappy_pos
 *fill*         0x08000d6e        0x2 
 .text.gamecyc  0x08000d70      0x23c ./Src/main.o
                0x08000d70                gamecyc
 .text.main     0x08000fac       0x24 ./Src/main.o
                0x08000fac                main
 .text.Reset_Handler
                0x08000fd0       0x50 ./Startup/startup_stm32h755zitx.o
                0x08000fd0                Reset_Handler
 .text.Default_Handler
                0x08001020        0x2 ./Startup/startup_stm32h755zitx.o
                0x08001020                HASH_RNG_IRQHandler
                0x08001020                EXTI2_IRQHandler
                0x08001020                TIM8_CC_IRQHandler
                0x08001020                DMA_STR2_IRQHandler
                0x08001020                DebugMon_Handler
                0x08001020                UART8_IRQHandler
                0x08001020                SPI4_IRQHandler
                0x08001020                HRTIM1_MST_IRQHandler
                0x08001020                HardFault_Handler
                0x08001020                DMA_STR5_IRQHandler
                0x08001020                HRTIM1_FLT_IRQHandler
                0x08001020                JPEG_IRQHandler
                0x08001020                SysTick_Handler
                0x08001020                DMA2_STR1_IRQHandler
                0x08001020                DMA2_STR5_IRQHandler
                0x08001020                HRTIM1_TIMD_IRQHandler
                0x08001020                PendSV_Handler
                0x08001020                NMI_Handler
                0x08001020                EXTI3_IRQHandler
                0x08001020                LPTIM4_IRQHandler
                0x08001020                TIM8_TRG_COM_TIM14_IRQHandler
                0x08001020                LPTIM2_IRQHandler
                0x08001020                DFSDM1_FLT1_IRQHandler
                0x08001020                DMAMUX2_OVR_IRQHandler
                0x08001020                TIM8_UP_TIM13_IRQHandler
                0x08001020                I2C3_ER_IRQHandler
                0x08001020                DFSDM1_FLT2_IRQHandler
                0x08001020                MDMA_IRQHandler
                0x08001020                LPTIM3_IRQHandler
                0x08001020                EXTI0_IRQHandler
                0x08001020                I2C2_EV_IRQHandler
                0x08001020                FPU_IRQHandler
                0x08001020                DMA_STR1_IRQHandler
                0x08001020                OTG_HS_WKUP_IRQHandler
                0x08001020                FDCAN1_IT1_IRQHandler
                0x08001020                UsageFault_Handler
                0x08001020                LTDC_ER_IRQHandler
                0x08001020                ADC1_2_IRQHandler
                0x08001020                SPI1_IRQHandler
                0x08001020                BDMA_CH2_IRQHandler
                0x08001020                TIM6_DAC_IRQHandler
                0x08001020                DCMI_IRQHandler
                0x08001020                HRTIM1_TIMC_IRQHandler
                0x08001020                SDMMC_IRQHandler
                0x08001020                RTC_ALARM_IRQHandler
                0x08001020                DMA_STR0_IRQHandler
                0x08001020                SAI2_IRQHandler
                0x08001020                DMA2_STR3_IRQHandler
                0x08001020                DFSDM1_FLT3_IRQHandler
                0x08001020                USART6_IRQHandler
                0x08001020                BDMA_CH5_IRQHandler
                0x08001020                TIM17_IRQHandler
                0x08001020                BDMA_CH6_IRQHandler
                0x08001020                USART3_IRQHandler
                0x08001020                WKUP_IRQHandler
                0x08001020                CRYP_IRQHandler
                0x08001020                BDMA_CH3_IRQHandler
                0x08001020                LPTIM5_IRQHandler
                0x08001020                LPUART_IRQHandler
                0x08001020                UART5_IRQHandler
                0x08001020                ADC3_IRQHandler
                0x08001020                DMA_STR6_IRQHandler
                0x08001020                TIM4_IRQHandler
                0x08001020                QUADSPI_IRQHandler
                0x08001020                I2C1_EV_IRQHandler
                0x08001020                DMA1_STR7_IRQHandler
                0x08001020                TIM16_IRQHandler
                0x08001020                UART4_IRQHandler
                0x08001020                RCC_IRQHandler
                0x08001020                TIM8_BRK_TIM12_IRQHandler
                0x08001020                TIM1_TRG_COM_IRQHandler
                0x08001020                Default_Handler
                0x08001020                HRTIM_TIMB_IRQHandler
                0x08001020                CEC_IRQHandler
                0x08001020                EXTI15_10_IRQHandler
                0x08001020                BDMA_CH4_IRQHandler
                0x08001020                DMA_STR3_IRQHandler
                0x08001020                HRTIM_TIME_IRQHandler
                0x08001020                HRTIM1_TIMA_IRQHandler
                0x08001020                SPI5_IRQHandler
                0x08001020                TIM7_IRQHandler
                0x08001020                SDMMC1_IRQHandler
                0x08001020                TIM5_IRQHandler
                0x08001020                SPDIF_IRQHandler
                0x08001020                TIM15_IRQHandler
                0x08001020                I2C3_EV_IRQHandler
                0x08001020                EXTI9_5_IRQHandler
                0x08001020                DMA2_STR4_IRQHandler
                0x08001020                RTC_WKUP_IRQHandler
                0x08001020                DMA2_STR6_IRQHandler
                0x08001020                LTDC_IRQHandler
                0x08001020                SAI3_IRQHandler
                0x08001020                ETH_WKUP_IRQHandler
                0x08001020                PVD_PVM_IRQHandler
                0x08001020                SPI2_IRQHandler
                0x08001020                OTG_HS_EP1_IN_IRQHandler
                0x08001020                MemManage_Handler
                0x08001020                DMA2_STR0_IRQHandler
                0x08001020                SVC_Handler
                0x08001020                CRS_IRQHandler
                0x08001020                EXTI4_IRQHandler
                0x08001020                DMAMUX1_OV_IRQHandler
                0x08001020                FDCAN2_IT1_IRQHandler
                0x08001020                DMA_STR4_IRQHandler
                0x08001020                COMP_IRQHandler
                0x08001020                DMA2_STR2_IRQHandler
                0x08001020                ETH_IRQHandler
                0x08001020                TIM1_UP_IRQHandler
                0x08001020                DMA2_STR7_IRQHandler
                0x08001020                OTG_HS_EP1_OUT_IRQHandler
                0x08001020                SPI6_IRQHandler
                0x08001020                MDIOS_IRQHandler
                0x08001020                I2C4_EV_IRQHandler
                0x08001020                FDCAN2_IT0_IRQHandler
                0x08001020                BDMA_CH7_IRQHandler
                0x08001020                FDCAN1_IT0_IRQHandler
                0x08001020                HSEM0_IRQHandler
                0x08001020                OTG_FS_WKUP_IRQHandler
                0x08001020                OTG_HS_IRQHandler
                0x08001020                DMA2D_IRQHandler
                0x08001020                TIM1_BRK_IRQHandler
                0x08001020                EXTI1_IRQHandler
                0x08001020                WWDG2_RST_IRQHandler
                0x08001020                OTG_FS_EP1_OUT_IRQHandler
                0x08001020                HOLD_CORE_IRQHandler
                0x08001020                UART7_IRQHandler
                0x08001020                MDIOS_WKUP_IRQHandler
                0x08001020                USART2_IRQHandler
                0x08001020                DFSDM1_FLT0_IRQHandler
                0x08001020                SAI4_IRQHandler
                0x08001020                I2C2_ER_IRQHandler
                0x08001020                FLASH_IRQHandler
                0x08001020                WWDG1_IRQHandler
                0x08001020                BusFault_Handler
                0x08001020                USART1_IRQHandler
                0x08001020                OTG_FS_IRQHandler
                0x08001020                SPI3_IRQHandler
                0x08001020                OTG_FS_EP1_IN_IRQHandler
                0x08001020                I2C1_ER_IRQHandler
                0x08001020                FMC_IRQHandler
                0x08001020                BDMA_CH1_IRQHandler
                0x08001020                FDCAN_CAL_IRQHandler
                0x08001020                SWPMI1_IRQHandler
                0x08001020                LPTIM1_IRQHandler
                0x08001020                BDMA_CH8_IRQHandler
                0x08001020                cm4_sev_it_IRQHandler
                0x08001020                TIM_CC_IRQHandler
                0x08001020                I2C4_ER_IRQHandler
                0x08001020                SAI1_IRQHandler
                0x08001020                RTC_TAMP_STAMP_CSS_LSE_IRQHandler
 *fill*         0x08001022        0x2 
 .text.__libc_init_array
                0x08001024       0x48 C:/ST/STM32CubeIDE_1.18.1/STM32CubeIDE/plugins/com.st.stm32cube.ide.mcu.externaltools.gnu-tools-for-stm32.13.3.rel1.win32_1.0.0.202411081344/tools/bin/../lib/gcc/arm-none-eabi/13.3.1/../../../../arm-none-eabi/lib/thumb/v7e-m+dp/softfp\libc_nano.a(libc_a-init.o)
                0x08001024                __libc_init_array
 *(.glue_7)
 .glue_7        0x0800106c        0x0 linker stubs
 *(.glue_7t)
 .glue_7t       0x0800106c        0x0 linker stubs
 *(.eh_frame)
 .eh_frame      0x0800106c        0x0 C:/ST/STM32CubeIDE_1.18.1/STM32CubeIDE/plugins/com.st.stm32cube.ide.mcu.externaltools.gnu-tools-for-stm32.13.3.rel1.win32_1.0.0.202411081344/tools/bin/../lib/gcc/arm-none-eabi/13.3.1/thumb/v7e-m+dp/softfp/crtbegin.o
 *(.init)
 .init          0x0800106c        0x4 C:/ST/STM32CubeIDE_1.18.1/STM32CubeIDE/plugins/com.st.stm32cube.ide.mcu.externaltools.gnu-tools-for-stm32.13.3.rel1.win32_1.0.0.202411081344/tools/bin/../lib/gcc/arm-none-eabi/13.3.1/thumb/v7e-m+dp/softfp/crti.o
                0x0800106c                _init
 .init          0x08001070        0x8 C:/ST/STM32CubeIDE_1.18.1/STM32CubeIDE/plugins/com.st.stm32cube.ide.mcu.externaltools.gnu-tools-for-stm32.13.3.rel1.win32_1.0.0.202411081344/tools/bin/../lib/gcc/arm-none-eabi/13.3.1/thumb/v7e-m+dp/softfp/crtn.o
 *(.fini)
 .fini          0x08001078        0x4 C:/ST/STM32CubeIDE_1.18.1/STM32CubeIDE/plugins/com.st.stm32cube.ide.mcu.externaltools.gnu-tools-for-stm32.13.3.rel1.win32_1.0.0.202411081344/tools/bin/../lib/gcc/arm-none-eabi/13.3.1/thumb/v7e-m+dp/softfp/crti.o
                0x08001078                _fini
 .fini          0x0800107c        0x8 C:/ST/STM32CubeIDE_1.18.1/STM32CubeIDE/plugins/com.st.stm32cube.ide.mcu.externaltools.gnu-tools-for-stm32.13.3.rel1.win32_1.0.0.202411081344/tools/bin/../lib/gcc/arm-none-eabi/13.3.1/thumb/v7e-m+dp/softfp/crtn.o
                0x08001084                        . = ALIGN (0x4)
                0x08001084                        _etext = .

.vfp11_veneer   0x08001084        0x0
 .vfp11_veneer  0x08001084        0x0 linker stubs

.v4_bx          0x08001084        0x0
 .v4_bx         0x08001084        0x0 linker stubs

.iplt           0x08001084        0x0
 .iplt          0x08001084        0x0 C:/ST/STM32CubeIDE_1.18.1/STM32CubeIDE/plugins/com.st.stm32cube.ide.mcu.externaltools.gnu-tools-for-stm32.13.3.rel1.win32_1.0.0.202411081344/tools/bin/../lib/gcc/arm-none-eabi/13.3.1/thumb/v7e-m+dp/softfp/crtbegin.o

.rodata         0x08001084        0xc
                0x08001084                        . = ALIGN (0x4)
 *(.rodata)
 *(.rodata*)
 .rodata.uses.1
                0x08001084        0xa ./Src/main.o
                0x08001090                        . = ALIGN (0x4)
 *fill*         0x0800108e        0x2 

.ARM.extab      0x08001090        0x0
                0x08001090                        . = ALIGN (0x4)
 *(.ARM.extab* .gnu.linkonce.armextab.*)
                0x08001090                        . = ALIGN (0x4)

.ARM            0x08001090        0x0
                0x08001090                        . = ALIGN (0x4)
                0x08001090                        __exidx_start = .
 *(.ARM.exidx*)
                0x08001090                        __exidx_end = .
                0x08001090                        . = ALIGN (0x4)

.preinit_array  0x08001090        0x0
                0x08001090                        . = ALIGN (0x4)
                0x08001090                        PROVIDE (__preinit_array_start = .)
 *(.preinit_array*)
                0x08001090                        PROVIDE (__preinit_array_end = .)
                0x08001090                        . = ALIGN (0x4)

.init_array     0x08001090        0x4
                0x08001090                        . = ALIGN (0x4)
                0x08001090                        PROVIDE (__init_array_start = .)
 *(SORT_BY_NAME(.init_array.*))
 *(.init_array*)
 .init_array    0x08001090        0x4 C:/ST/STM32CubeIDE_1.18.1/STM32CubeIDE/plugins/com.st.stm32cube.ide.mcu.externaltools.gnu-tools-for-stm32.13.3.rel1.win32_1.0.0.202411081344/tools/bin/../lib/gcc/arm-none-eabi/13.3.1/thumb/v7e-m+dp/softfp/crtbegin.o
                0x08001094                        PROVIDE (__init_array_end = .)
                0x08001094                        . = ALIGN (0x4)

.fini_array     0x08001094        0x4
                0x08001094                        . = ALIGN (0x4)
                [!provide]                        PROVIDE (__fini_array_start = .)
 *(SORT_BY_NAME(.fini_array.*))
 *(.fini_array*)
 .fini_array    0x08001094        0x4 C:/ST/STM32CubeIDE_1.18.1/STM32CubeIDE/plugins/com.st.stm32cube.ide.mcu.externaltools.gnu-tools-for-stm32.13.3.rel1.win32_1.0.0.202411081344/tools/bin/../lib/gcc/arm-none-eabi/13.3.1/thumb/v7e-m+dp/softfp/crtbegin.o
                [!provide]                        PROVIDE (__fini_array_end = .)
                0x08001098                        . = ALIGN (0x4)
                0x08001098                        _sidata = LOADADDR (.data)

.rel.dyn        0x08001098        0x0
 .rel.iplt      0x08001098        0x0 C:/ST/STM32CubeIDE_1.18.1/STM32CubeIDE/plugins/com.st.stm32cube.ide.mcu.externaltools.gnu-tools-for-stm32.13.3.rel1.win32_1.0.0.202411081344/tools/bin/../lib/gcc/arm-none-eabi/13.3.1/thumb/v7e-m+dp/softfp/crtbegin.o

.data           0x24000000        0x4 load address 0x08001098
                0x24000000                        . = ALIGN (0x4)
                0x24000000                        _sdata = .
 *(.data)
 *(.data*)
 .data.callcoun1.2
                0x24000000        0x1 ./Src/main.o
 *(.RamFunc)
 *(.RamFunc*)
                0x24000004                        . = ALIGN (0x4)
 *fill*         0x24000001        0x3 
                0x24000004                        _edata = .

.igot.plt       0x24000004        0x0 load address 0x0800109c
 .igot.plt      0x24000004        0x0 C:/ST/STM32CubeIDE_1.18.1/STM32CubeIDE/plugins/com.st.stm32cube.ide.mcu.externaltools.gnu-tools-for-stm32.13.3.rel1.win32_1.0.0.202411081344/tools/bin/../lib/gcc/arm-none-eabi/13.3.1/thumb/v7e-m+dp/softfp/crtbegin.o
                0x24000004                        . = ALIGN (0x4)

.bss            0x24000004       0x30 load address 0x0800109c
                0x24000004                        _sbss = .
                0x24000004                        __bss_start__ = _sbss
 *(.bss)
 .bss           0x24000004       0x1c C:/ST/STM32CubeIDE_1.18.1/STM32CubeIDE/plugins/com.st.stm32cube.ide.mcu.externaltools.gnu-tools-for-stm32.13.3.rel1.win32_1.0.0.202411081344/tools/bin/../lib/gcc/arm-none-eabi/13.3.1/thumb/v7e-m+dp/softfp/crtbegin.o
 *(.bss*)
 .bss.rval      0x24000020        0x4 ./Inc/board_functions.o
 .bss.CECS      0x24000024        0x1 ./Inc/board_functions.o
 .bss.SECS      0x24000025        0x1 ./Inc/board_functions.o
 .bss.tim3Intrpt_g
                0x24000026        0x1 ./Inc/board_functions.o
 .bss.tim2Intrpt_g
                0x24000027        0x1 ./Inc/board_functions.o
 .bss.callcoun2.0
                0x24000028        0x2 ./Src/main.o
 *fill*         0x2400002a        0x2 
 .bss.score.3   0x2400002c        0x4 ./Src/main.o
 .bss.xposofst  0x24000030        0x1 ./Src/main.o
 .bss.tubespace
                0x24000031        0x1 ./Src/main.o
 *(COMMON)
                0x24000034                        . = ALIGN (0x4)
 *fill*         0x24000032        0x2 
                0x24000034                        _ebss = .
                0x24000034                        __bss_end__ = _ebss

._user_heap_stack
                0x24000034      0x604 load address 0x0800109c
                0x24000038                        . = ALIGN (0x8)
 *fill*         0x24000034        0x4 
                [!provide]                        PROVIDE (end = .)
                0x24000038                        PROVIDE (_end = .)
                0x24000238                        . = (. + _Min_Heap_Size)
 *fill*         0x24000038      0x200 
                0x24000638                        . = (. + _Min_Stack_Size)
 *fill*         0x24000238      0x400 
                0x24000638                        . = ALIGN (0x8)

/DISCARD/
 libc.a(*)
 libm.a(*)
 libgcc.a(*)

.ARM.attributes
                0x00000000       0x2c
 *(.ARM.attributes)
 .ARM.attributes
                0x00000000       0x20 C:/ST/STM32CubeIDE_1.18.1/STM32CubeIDE/plugins/com.st.stm32cube.ide.mcu.externaltools.gnu-tools-for-stm32.13.3.rel1.win32_1.0.0.202411081344/tools/bin/../lib/gcc/arm-none-eabi/13.3.1/thumb/v7e-m+dp/softfp/crti.o
 .ARM.attributes
                0x00000020       0x30 C:/ST/STM32CubeIDE_1.18.1/STM32CubeIDE/plugins/com.st.stm32cube.ide.mcu.externaltools.gnu-tools-for-stm32.13.3.rel1.win32_1.0.0.202411081344/tools/bin/../lib/gcc/arm-none-eabi/13.3.1/thumb/v7e-m+dp/softfp/crtbegin.o
 .ARM.attributes
                0x00000050       0x30 ./Inc/LCD_draw_lib.o
 .ARM.attributes
                0x00000080       0x30 ./Inc/LCD_out.o
 .ARM.attributes
                0x000000b0       0x30 ./Inc/board.o
 .ARM.attributes
                0x000000e0       0x30 ./Inc/board_functions.o
 .ARM.attributes
                0x00000110       0x30 ./Src/main.o
 .ARM.attributes
                0x00000140       0x21 ./Startup/startup_stm32h755zitx.o
 .ARM.attributes
                0x00000161       0x30 C:/ST/STM32CubeIDE_1.18.1/STM32CubeIDE/plugins/com.st.stm32cube.ide.mcu.externaltools.gnu-tools-for-stm32.13.3.rel1.win32_1.0.0.202411081344/tools/bin/../lib/gcc/arm-none-eabi/13.3.1/../../../../arm-none-eabi/lib/thumb/v7e-m+dp/softfp\libc_nano.a(libc_a-init.o)
 .ARM.attributes
                0x00000191       0x20 C:/ST/STM32CubeIDE_1.18.1/STM32CubeIDE/plugins/com.st.stm32cube.ide.mcu.externaltools.gnu-tools-for-stm32.13.3.rel1.win32_1.0.0.202411081344/tools/bin/../lib/gcc/arm-none-eabi/13.3.1/thumb/v7e-m+dp/softfp/crtn.o
OUTPUT(H755_ILI9341_CM7.elf elf32-littlearm)
LOAD linker stubs
LOAD C:/ST/STM32CubeIDE_1.18.1/STM32CubeIDE/plugins/com.st.stm32cube.ide.mcu.externaltools.gnu-tools-for-stm32.13.3.rel1.win32_1.0.0.202411081344/tools/bin/../lib/gcc/arm-none-eabi/13.3.1/../../../../arm-none-eabi/lib/thumb/v7e-m+dp/softfp\libc.a
LOAD C:/ST/STM32CubeIDE_1.18.1/STM32CubeIDE/plugins/com.st.stm32cube.ide.mcu.externaltools.gnu-tools-for-stm32.13.3.rel1.win32_1.0.0.202411081344/tools/bin/../lib/gcc/arm-none-eabi/13.3.1/../../../../arm-none-eabi/lib/thumb/v7e-m+dp/softfp\libm.a
LOAD C:/ST/STM32CubeIDE_1.18.1/STM32CubeIDE/plugins/com.st.stm32cube.ide.mcu.externaltools.gnu-tools-for-stm32.13.3.rel1.win32_1.0.0.202411081344/tools/bin/../lib/gcc/arm-none-eabi/13.3.1/thumb/v7e-m+dp/softfp\libgcc.a

.debug_info     0x00000000     0x34b6
 .debug_info    0x00000000      0xa53 ./Inc/LCD_draw_lib.o
 .debug_info    0x00000a53      0x323 ./Inc/LCD_out.o
 .debug_info    0x00000d76      0xe82 ./Inc/board.o
 .debug_info    0x00001bf8      0xd54 ./Inc/board_functions.o
 .debug_info    0x0000294c      0xb3a ./Src/main.o
 .debug_info    0x00003486       0x30 ./Startup/startup_stm32h755zitx.o

.debug_abbrev   0x00000000      0x887
 .debug_abbrev  0x00000000      0x16e ./Inc/LCD_draw_lib.o
 .debug_abbrev  0x0000016e      0x13b ./Inc/LCD_out.o
 .debug_abbrev  0x000002a9      0x147 ./Inc/board.o
 .debug_abbrev  0x000003f0      0x1b6 ./Inc/board_functions.o
 .debug_abbrev  0x000005a6      0x2bd ./Src/main.o
 .debug_abbrev  0x00000863       0x24 ./Startup/startup_stm32h755zitx.o

.debug_loclists
                0x00000000      0x6fd
 .debug_loclists
                0x00000000      0x408 ./Inc/LCD_draw_lib.o
 .debug_loclists
                0x00000408       0x45 ./Inc/board.o
 .debug_loclists
                0x0000044d       0x5e ./Inc/board_functions.o
 .debug_loclists
                0x000004ab      0x252 ./Src/main.o

.debug_aranges  0x00000000      0x180
 .debug_aranges
                0x00000000       0x58 ./Inc/LCD_draw_lib.o
 .debug_aranges
                0x00000058       0x28 ./Inc/LCD_out.o
 .debug_aranges
                0x00000080       0x38 ./Inc/board.o
 .debug_aranges
                0x000000b8       0x48 ./Inc/board_functions.o
 .debug_aranges
                0x00000100       0x58 ./Src/main.o
 .debug_aranges
                0x00000158       0x28 ./Startup/startup_stm32h755zitx.o

.debug_rnglists
                0x00000000      0x118
 .debug_rnglists
                0x00000000       0x40 ./Inc/LCD_draw_lib.o
 .debug_rnglists
                0x00000040       0x1a ./Inc/LCD_out.o
 .debug_rnglists
                0x0000005a       0x27 ./Inc/board.o
 .debug_rnglists
                0x00000081       0x31 ./Inc/board_functions.o
 .debug_rnglists
                0x000000b2       0x4d ./Src/main.o
 .debug_rnglists
                0x000000ff       0x19 ./Startup/startup_stm32h755zitx.o

.debug_macro    0x00000000    0x29732
 .debug_macro   0x00000000      0x1c4 ./Inc/LCD_draw_lib.o
 .debug_macro   0x000001c4       0x2e ./Inc/LCD_draw_lib.o
 .debug_macro   0x000001f2       0x49 ./Inc/LCD_draw_lib.o
 .debug_macro   0x0000023b       0x8e ./Inc/LCD_draw_lib.o
 .debug_macro   0x000002c9       0x51 ./Inc/LCD_draw_lib.o
 .debug_macro   0x0000031a       0x1c ./Inc/LCD_draw_lib.o
 .debug_macro   0x00000336       0x22 ./Inc/LCD_draw_lib.o
 .debug_macro   0x00000358       0xfb ./Inc/LCD_draw_lib.o
 .debug_macro   0x00000453     0x1011 ./Inc/LCD_draw_lib.o
 .debug_macro   0x00001464      0x11f ./Inc/LCD_draw_lib.o
 .debug_macro   0x00001583    0x276b0 ./Inc/LCD_draw_lib.o
 .debug_macro   0x00028c33       0x6d ./Inc/LCD_draw_lib.o
 .debug_macro   0x00028ca0       0x61 ./Inc/LCD_draw_lib.o
 .debug_macro   0x00028d01      0x190 ./Inc/LCD_draw_lib.o
 .debug_macro   0x00028e91      0x19b ./Inc/LCD_draw_lib.o
 .debug_macro   0x0002902c      0x1ba ./Inc/LCD_out.o
 .debug_macro   0x000291e6      0x188 ./Inc/board.o
 .debug_macro   0x0002936e      0x192 ./Inc/board_functions.o
 .debug_macro   0x00029500      0x232 ./Src/main.o

.debug_line     0x00000000     0x3229
 .debug_line    0x00000000      0x95d ./Inc/LCD_draw_lib.o
 .debug_line    0x0000095d      0x7cf ./Inc/LCD_out.o
 .debug_line    0x0000112c      0xa6c ./Inc/board.o
 .debug_line    0x00001b98      0x94c ./Inc/board_functions.o
 .debug_line    0x000024e4      0xcca ./Src/main.o
 .debug_line    0x000031ae       0x7b ./Startup/startup_stm32h755zitx.o

.debug_str      0x00000000    0xf375c
 .debug_str     0x00000000    0xf375c ./Inc/LCD_draw_lib.o
                              0xf2860 (size before relaxing)
 .debug_str     0x000f375c    0xf27ec ./Inc/LCD_out.o
 .debug_str     0x000f375c    0xf2c81 ./Inc/board.o
 .debug_str     0x000f375c    0xf3323 ./Inc/board_functions.o
 .debug_str     0x000f375c    0xf2aa8 ./Src/main.o
 .debug_str     0x000f375c       0x83 ./Startup/startup_stm32h755zitx.o

.comment        0x00000000       0x43
 .comment       0x00000000       0x43 ./Inc/LCD_draw_lib.o
                                 0x44 (size before relaxing)
 .comment       0x00000043       0x44 ./Inc/LCD_out.o
 .comment       0x00000043       0x44 ./Inc/board.o
 .comment       0x00000043       0x44 ./Inc/board_functions.o
 .comment       0x00000043       0x44 ./Src/main.o

.debug_frame    0x00000000      0x354
 .debug_frame   0x00000000       0xfc ./Inc/LCD_draw_lib.o
 .debug_frame   0x000000fc       0x38 ./Inc/LCD_out.o
 .debug_frame   0x00000134       0x70 ./Inc/board.o
 .debug_frame   0x000001a4       0x80 ./Inc/board_functions.o
 .debug_frame   0x00000224      0x104 ./Src/main.o
 .debug_frame   0x00000328       0x2c C:/ST/STM32CubeIDE_1.18.1/STM32CubeIDE/plugins/com.st.stm32cube.ide.mcu.externaltools.gnu-tools-for-stm32.13.3.rel1.win32_1.0.0.202411081344/tools/bin/../lib/gcc/arm-none-eabi/13.3.1/../../../../arm-none-eabi/lib/thumb/v7e-m+dp/softfp\libc_nano.a(libc_a-init.o)

.debug_line_str
                0x00000000       0x67
 .debug_line_str
                0x00000000       0x67 ./Startup/startup_stm32h755zitx.o
