Archive member included to satisfy reference by file (symbol)

C:/ST/STM32CubeIDE_1.18.1/STM32CubeIDE/plugins/com.st.stm32cube.ide.mcu.externaltools.gnu-tools-for-stm32.13.3.rel1.win32_1.0.0.202411081344/tools/bin/../lib/gcc/arm-none-eabi/13.3.1/../../../../arm-none-eabi/lib/thumb/v7e-m+dp/softfp\libc_nano.a(libc_a-exit.o)
                              C:/ST/STM32CubeIDE_1.18.1/STM32CubeIDE/plugins/com.st.stm32cube.ide.mcu.externaltools.gnu-tools-for-stm32.13.3.rel1.win32_1.0.0.202411081344/tools/bin/../lib/gcc/arm-none-eabi/13.3.1/../../../../arm-none-eabi/lib/thumb/v7e-m+dp/softfp/crt0.o (exit)
C:/ST/STM32CubeIDE_1.18.1/STM32CubeIDE/plugins/com.st.stm32cube.ide.mcu.externaltools.gnu-tools-for-stm32.13.3.rel1.win32_1.0.0.202411081344/tools/bin/../lib/gcc/arm-none-eabi/13.3.1/../../../../arm-none-eabi/lib/thumb/v7e-m+dp/softfp\libc_nano.a(libc_a-findfp.o)
                              C:/ST/STM32CubeIDE_1.18.1/STM32CubeIDE/plugins/com.st.stm32cube.ide.mcu.externaltools.gnu-tools-for-stm32.13.3.rel1.win32_1.0.0.202411081344/tools/bin/../lib/gcc/arm-none-eabi/13.3.1/../../../../arm-none-eabi/lib/thumb/v7e-m+dp/softfp\libc_nano.a(libc_a-exit.o) (__stdio_exit_handler)
C:/ST/STM32CubeIDE_1.18.1/STM32CubeIDE/plugins/com.st.stm32cube.ide.mcu.externaltools.gnu-tools-for-stm32.13.3.rel1.win32_1.0.0.202411081344/tools/bin/../lib/gcc/arm-none-eabi/13.3.1/../../../../arm-none-eabi/lib/thumb/v7e-m+dp/softfp\libc_nano.a(libc_a-fwalk.o)
                              C:/ST/STM32CubeIDE_1.18.1/STM32CubeIDE/plugins/com.st.stm32cube.ide.mcu.externaltools.gnu-tools-for-stm32.13.3.rel1.win32_1.0.0.202411081344/tools/bin/../lib/gcc/arm-none-eabi/13.3.1/../../../../arm-none-eabi/lib/thumb/v7e-m+dp/softfp\libc_nano.a(libc_a-findfp.o) (_fwalk_sglue)
C:/ST/STM32CubeIDE_1.18.1/STM32CubeIDE/plugins/com.st.stm32cube.ide.mcu.externaltools.gnu-tools-for-stm32.13.3.rel1.win32_1.0.0.202411081344/tools/bin/../lib/gcc/arm-none-eabi/13.3.1/../../../../arm-none-eabi/lib/thumb/v7e-m+dp/softfp\libc_nano.a(libc_a-stdio.o)
                              C:/ST/STM32CubeIDE_1.18.1/STM32CubeIDE/plugins/com.st.stm32cube.ide.mcu.externaltools.gnu-tools-for-stm32.13.3.rel1.win32_1.0.0.202411081344/tools/bin/../lib/gcc/arm-none-eabi/13.3.1/../../../../arm-none-eabi/lib/thumb/v7e-m+dp/softfp\libc_nano.a(libc_a-findfp.o) (__sread)
C:/ST/STM32CubeIDE_1.18.1/STM32CubeIDE/plugins/com.st.stm32cube.ide.mcu.externaltools.gnu-tools-for-stm32.13.3.rel1.win32_1.0.0.202411081344/tools/bin/../lib/gcc/arm-none-eabi/13.3.1/../../../../arm-none-eabi/lib/thumb/v7e-m+dp/softfp\libc_nano.a(libc_a-memset.o)
                              C:/ST/STM32CubeIDE_1.18.1/STM32CubeIDE/plugins/com.st.stm32cube.ide.mcu.externaltools.gnu-tools-for-stm32.13.3.rel1.win32_1.0.0.202411081344/tools/bin/../lib/gcc/arm-none-eabi/13.3.1/../../../../arm-none-eabi/lib/thumb/v7e-m+dp/softfp/crt0.o (memset)
C:/ST/STM32CubeIDE_1.18.1/STM32CubeIDE/plugins/com.st.stm32cube.ide.mcu.externaltools.gnu-tools-for-stm32.13.3.rel1.win32_1.0.0.202411081344/tools/bin/../lib/gcc/arm-none-eabi/13.3.1/../../../../arm-none-eabi/lib/thumb/v7e-m+dp/softfp\libc_nano.a(libc_a-closer.o)
                              C:/ST/STM32CubeIDE_1.18.1/STM32CubeIDE/plugins/com.st.stm32cube.ide.mcu.externaltools.gnu-tools-for-stm32.13.3.rel1.win32_1.0.0.202411081344/tools/bin/../lib/gcc/arm-none-eabi/13.3.1/../../../../arm-none-eabi/lib/thumb/v7e-m+dp/softfp\libc_nano.a(libc_a-stdio.o) (_close_r)
C:/ST/STM32CubeIDE_1.18.1/STM32CubeIDE/plugins/com.st.stm32cube.ide.mcu.externaltools.gnu-tools-for-stm32.13.3.rel1.win32_1.0.0.202411081344/tools/bin/../lib/gcc/arm-none-eabi/13.3.1/../../../../arm-none-eabi/lib/thumb/v7e-m+dp/softfp\libc_nano.a(libc_a-reent.o)
                              C:/ST/STM32CubeIDE_1.18.1/STM32CubeIDE/plugins/com.st.stm32cube.ide.mcu.externaltools.gnu-tools-for-stm32.13.3.rel1.win32_1.0.0.202411081344/tools/bin/../lib/gcc/arm-none-eabi/13.3.1/../../../../arm-none-eabi/lib/thumb/v7e-m+dp/softfp\libc_nano.a(libc_a-closer.o) (errno)
C:/ST/STM32CubeIDE_1.18.1/STM32CubeIDE/plugins/com.st.stm32cube.ide.mcu.externaltools.gnu-tools-for-stm32.13.3.rel1.win32_1.0.0.202411081344/tools/bin/../lib/gcc/arm-none-eabi/13.3.1/../../../../arm-none-eabi/lib/thumb/v7e-m+dp/softfp\libc_nano.a(libc_a-impure.o)
                              C:/ST/STM32CubeIDE_1.18.1/STM32CubeIDE/plugins/com.st.stm32cube.ide.mcu.externaltools.gnu-tools-for-stm32.13.3.rel1.win32_1.0.0.202411081344/tools/bin/../lib/gcc/arm-none-eabi/13.3.1/../../../../arm-none-eabi/lib/thumb/v7e-m+dp/softfp\libc_nano.a(libc_a-reent.o) (_impure_ptr)
C:/ST/STM32CubeIDE_1.18.1/STM32CubeIDE/plugins/com.st.stm32cube.ide.mcu.externaltools.gnu-tools-for-stm32.13.3.rel1.win32_1.0.0.202411081344/tools/bin/../lib/gcc/arm-none-eabi/13.3.1/../../../../arm-none-eabi/lib/thumb/v7e-m+dp/softfp\libc_nano.a(libc_a-lseekr.o)
[...]
Memory Configuration

Name             Origin             Length             Attributes
RAM_D1           0x24000000         0x00080000         xrw
FLASH            0x08000000         0x00100000         xr
DTCMRAM          0x20000000         0x00020000         xrw
RAM_D2           0x30000000         0x00048000         xrw
RAM_D3           0x38000000         0x00010000         xrw
ITCMRAM          0x00000000         0x00010000         xrw
*default*        0x00000000         0xffffffff

Linker script and memory map

LOAD C:/ST/STM32CubeIDE_1.18.1/STM32CubeIDE/plugins/com.st.stm32cube.ide.mcu.externaltools.gnu-tools-for-stm32.13.3.rel1.win32_1.0.0.202411081344/tools/bin/../lib/gcc/arm-none-eabi/13.3.1/thumb/v7e-m+dp/softfp/crti.o
LOAD C:/ST/STM32CubeIDE_1.18.1/STM32CubeIDE/plugins/com.st.stm32cube.ide.mcu.externaltools.gnu-tools-for-stm32.13.3.rel1.win32_1.0.0.202411081344/tools/bin/../lib/gcc/arm-none-eabi/13.3.1/thumb/v7e-m+dp/softfp/crtbegin.o
LOAD C:/ST/STM32CubeIDE_1.18.1/STM32CubeIDE/plugins/com.st.stm32cube.ide.mcu.externaltools.gnu-tools-for-stm32.13.3.rel1.win32_1.0.0.202411081344/tools/bin/../lib/gcc/arm-none-eabi/13.3.1/../../../../arm-none-eabi/lib/thumb/v7e-m+dp/softfp/crt0.o
LOAD ./Inc/LCD_draw_lib.o
LOAD ./Inc/LCD_out.o
LOAD ./Inc/board.o
LOAD ./Inc/board_functions.o
LOAD ./Src/main.o
LOAD ./Src/syscalls.o
LOAD ./Src/sysmem.o
LOAD ./Startup/startup_stm32h755zitx.o
START GROUP
LOAD C:/ST/STM32CubeIDE_1.18.1/STM32CubeIDE/plugins/com.st.stm32cube.ide.mcu.externaltools.gnu-tools-for-stm32.13.3.rel1.win32_1.0.0.202411081344/tools/bin/../lib/gcc/arm-none-eabi/13.3.1/../../../../arm-none-eabi/lib/thumb/v7e-m+dp/softfp\libc_nano.a
LOAD C:/ST/STM32CubeIDE_1.18.1/STM32CubeIDE/plugins/com.st.stm32cube.ide.mcu.externaltools.gnu-tools-for-stm32.13.3.rel1.win32_1.0.0.202411081344/tools/bin/../lib/gcc/arm-none-eabi/13.3.1/../../../../arm-none-eabi/lib/thumb/v7e-m+dp/softfp\libm.a
END GROUP
START GROUP
LOAD C:/ST/STM32CubeIDE_1.18.1/STM32CubeIDE/plugins/com.st.stm32cube.ide.mcu.externaltools.gnu-tools-for-stm32.13.3.rel1.win32_1.0.0.202411081344/tools/bin/../lib/gcc/arm-none-eabi/13.3.1/thumb/v7e-m+dp/softfp\libgcc.a
LOAD C:/ST/STM32CubeIDE_1.18.1/STM32CubeIDE/plugins/com.st.stm32cube.ide.mcu.externaltools.gnu-tools-for-stm32.13.3.rel1.win32_1.0.0.202411081344/tools/bin/../lib/gcc/arm-none-eabi/13.3.1/../../../../arm-none-eabi/lib/thumb/v7e-m+dp/softfp\libc_nano.a
END GROUP
START GROUP
LOAD C:/ST/STM32CubeIDE_1.18.1/STM32CubeIDE/plugins/com.st.stm32cube.ide.mcu.externaltools.gnu-tools-for-stm32.13.3.rel1.win32_1.0.0.202411081344/tools/bin/../lib/gcc/arm-none-eabi/13.3.1/thumb/v7e-m+dp/softfp\libgcc.a
LOAD C:/ST/STM32CubeIDE_1.18.1/STM32CubeIDE/plugins/com.st.stm32cube.ide.mcu.externaltools.gnu-tools-for-stm32.13.3.rel1.win32_1.0.0.202411081344/tools/bin/../lib/gcc/arm-none-eabi/13.3.1/../../../../arm-none-eabi/lib/thumb/v7e-m+dp/softfp\libc_nano.a
LOAD C:/ST/STM32CubeIDE_1.18.1/STM32CubeIDE/plugins/com.st.stm32cube.ide.mcu.externaltools.gnu-tools-for-stm32.13.3.rel1.win32_1.0.0.202411081344/tools/bin/../lib/gcc/arm-none-eabi/13.3.1/../../../../arm-none-eabi/lib/thumb/v7e-m+dp/softfp\libnosys.a
END GROUP
START GROUP
LOAD C:/ST/STM32CubeIDE_1.18.1/STM32CubeIDE/plugins/com.st.stm32cube.ide.mcu.externaltools.gnu-tools-for-stm32.13.3.rel1.win32_1.0.0.202411081344/tools/bin/../lib/gcc/arm-none-eabi/13.3.1/thumb/v7e-m+dp/softfp\libgcc.a
LOAD C:/ST/STM32CubeIDE_1.18.1/STM32CubeIDE/plugins/com.st.stm32cube.ide.mcu.externaltools.gnu-tools-for-stm32.13.3.rel1.win32_1.0.0.202411081344/tools/bin/../lib/gcc/arm-none-eabi/13.3.1/../../../../arm-none-eabi/lib/thumb/v7e-m+dp/softfp\libc_nano.a
LOAD C:/ST/STM32CubeIDE_1.18.1/STM32CubeIDE/plugins/com.st.stm32cube.ide.mcu.externaltools.gnu-tools-for-stm32.13.3.rel1.win32_1.0.0.202411081344/tools/bin/../lib/gcc/arm-none-eabi/13.3.1/../../../../arm-none-eabi/lib/thumb/v7e-m+dp/softfp\libnosys.a
END GROUP
LOAD C:/ST/STM32CubeIDE_1.18.1/STM32CubeIDE/plugins/com.st.stm32cube.ide.mcu.externaltools.gnu-tools-for-stm32.13.3.rel1.win32_1.0.0.202411081344/tools/bin/../lib/gcc/arm-none-eabi/13.3.1/thumb/v7e-m+dp/softfp/crtend.o
LOAD C:/ST/STM32CubeIDE_1.18.1/STM32CubeIDE/plugins/com.st.stm32cube.ide.mcu.externaltools.gnu-tools-for-stm32.13.3.rel1.win32_1.0.0.202411081344/tools/bin/../lib/gcc/arm-none-eabi/13.3.1/thumb/v7e-m+dp/softfp/crtn.o
                0x24080000                        _estack = (ORIGIN (RAM_D1) + LENGTH (RAM_D1))
                0x00000200                        _Min_Heap_Size = 0x200
                0x00000400                        _Min_Stack_Size = 0x400

.isr_vector     0x08000000      0x298
                0x08000000                        . = ALIGN (0x4)
 *(.isr_vector)
 .isr_vector    0x08000000      0x298 ./Startup/startup_stm32h755zitx.o
                0x08000000                g_pfnVectors
                0x08000298                        . = ALIGN (0x4)

.text           0x08000298      0x964
                0x08000298                        . = ALIGN (0x4)
 *(.text)
 .text          0x08000298       0x40 C:/ST/STM32CubeIDE_1.18.1/STM32CubeIDE/plugins/com.st.stm32cube.ide.mcu.externaltools.gnu-tools-for-stm32.13.3.rel1.win32_1.0.0.202411081344/tools/bin/../lib/gcc/arm-none-eabi/13.3.1/thumb/v7e-m+dp/softfp/crtbegin.o
 *(.text*)
 .text.scr_area
                0x080002d8       0x74 ./Inc/LCD_draw_lib.o
                0x080002d8                scr_area
 .text.LCD_Scroll
                0x0800034c       0xe4 ./Inc/LCD_draw_lib.o
                0x0800034c                LCD_Scroll
 .text.LCD_command_write
                0x08000430       0x14 ./Inc/LCD_draw_lib.o
                0x08000430                LCD_command_write
 .text.LCD_data_write
                0x08000444       0x14 ./Inc/LCD_draw_lib.o
                0x08000444                LCD_data_write
 .text.Line     0x08000458      0x16c ./Inc/LCD_draw_lib.o
                0x08000458                Line
 .text.LCD_write
                0x080005c4       0x20 ./Inc/LCD_out.o
                0x080005c4                LCD_write
 .text.LCD_Init
                0x080005e4       0xa0 ./Inc/LCD_out.o
                0x080005e4                LCD_Init
 .text.board_voltage
                0x08000684       0x50 ./Inc/board.o
                0x08000684                board_voltage
 .text.board_oclk
                0x080006d4      0x190 ./Inc/board.o
                0x080006d4                board_oclk
 .text.board_start
                0x08000864       0x94 ./Inc/board.o
                0x08000864                board_start
 .text.DWT_Init
                0x080008f8       0x28 ./Inc/board.o
                0x080008f8                DWT_Init
 .text.delay    0x08000920       0x60 ./Inc/board_functions.o
                0x08000920                delay
 .text.TIM2_IRQHandler
                0x08000980       0x18 ./Inc/board_functions.o
                0x08000980                TIM2_IRQHandler
 .text.delay_u  0x08000998       0x60 ./Inc/board_functions.o
                0x08000998                delay_u
 .text.TIM3_IRQHandler
                0x080009f8       0x1c ./Inc/board_functions.o
                0x080009f8                TIM3_IRQHandler
 .text.HASH_RNG_IRQHandler
                0x08000a14       0x48 ./Inc/board_functions.o
                0x08000a14                HASH_RNG_IRQHandler
 .text.startup.main
                0x08000a5c       0xec ./Src/main.o
                0x08000a5c                main
 .text.Reset_Handler
                0x08000b48       0x50 ./Startup/startup_stm32h755zitx.o
                0x08000b48                Reset_Handler
 .text.Default_Handler
                0x08000b98        0x2 ./Startup/startup_stm32h755zitx.o
                0x08000b98                EXTI2_IRQHandler
                0x08000b98                TIM8_CC_IRQHandler
                0x08000b98                DMA_STR2_IRQHandler
                0x08000b98                DebugMon_Handler
                0x08000b98                UART8_IRQHandler
                0x08000b98                SPI4_IRQHandler
                0x08000b98                HRTIM1_MST_IRQHandler
                0x08000b98                HardFault_Handler
                0x08000b98                DMA_STR5_IRQHandler
                0x08000b98                HRTIM1_FLT_IRQHandler
                0x08000b98                JPEG_IRQHandler
                0x08000b98                SysTick_Handler
                0x08000b98                DMA2_STR1_IRQHandler
                0x08000b98                DMA2_STR5_IRQHandler
                0x08000b98                HRTIM1_TIMD_IRQHandler
                0x08000b98                PendSV_Handler
                0x08000b98                NMI_Handler
                0x08000b98                EXTI3_IRQHandler
                0x08000b98                LPTIM4_IRQHandler
                0x08000b98                TIM8_TRG_COM_TIM14_IRQHandler
                0x08000b98                LPTIM2_IRQHandler
                0x08000b98                DFSDM1_FLT1_IRQHandler
                0x08000b98                DMAMUX2_OVR_IRQHandler
                0x08000b98                TIM8_UP_TIM13_IRQHandler
                0x08000b98                I2C3_ER_IRQHandler
                0x08000b98                DFSDM1_FLT2_IRQHandler
                0x08000b98                MDMA_IRQHandler
                0x08000b98                LPTIM3_IRQHandler
                0x08000b98                EXTI0_IRQHandler
                0x08000b98                I2C2_EV_IRQHandler
                0x08000b98                FPU_IRQHandler
                0x08000b98                DMA_STR1_IRQHandler
                0x08000b98                OTG_HS_WKUP_IRQHandler
                0x08000b98                FDCAN1_IT1_IRQHandler
                0x08000b98                UsageFault_Handler
                0x08000b98                LTDC_ER_IRQHandler
                0x08000b98                ADC1_2_IRQHandler
                0x08000b98                SPI1_IRQHandler
                0x08000b98                BDMA_CH2_IRQHandler
                0x08000b98                TIM6_DAC_IRQHandler
                0x08000b98                DCMI_IRQHandler
                0x08000b98                HRTIM1_TIMC_IRQHandler
                0x08000b98                SDMMC_IRQHandler
                0x08000b98                RTC_ALARM_IRQHandler
                0x08000b98                DMA_STR0_IRQHandler
                0x08000b98                SAI2_IRQHandler
                0x08000b98                DMA2_STR3_IRQHandler
                0x08000b98                DFSDM1_FLT3_IRQHandler
                0x08000b98                USART6_IRQHandler
                0x08000b98                BDMA_CH5_IRQHandler
                0x08000b98                TIM17_IRQHandler
                0x08000b98                BDMA_CH6_IRQHandler
                0x08000b98                USART3_IRQHandler
                0x08000b98                WKUP_IRQHandler
                0x08000b98                CRYP_IRQHandler
                0x08000b98                BDMA_CH3_IRQHandler
                0x08000b98                LPTIM5_IRQHandler
                0x08000b98                LPUART_IRQHandler
                0x08000b98                UART5_IRQHandler
                0x08000b98                ADC3_IRQHandler
                0x08000b98                DMA_STR6_IRQHandler
                0x08000b98                TIM4_IRQHandler
                0x08000b98                QUADSPI_IRQHandler
                0x08000b98                I2C1_EV_IRQHandler
                0x08000b98                DMA1_STR7_IRQHandler
                0x08000b98                TIM16_IRQHandler
                0x08000b98                UART4_IRQHandler
                0x08000b98                RCC_IRQHandler
                0x08000b98                TIM8_BRK_TIM12_IRQHandler
                0x08000b98                TIM1_TRG_COM_IRQHandler
                0x08000b98                Default_Handler
                0x08000b98                HRTIM_TIMB_IRQHandler
                0x08000b98                CEC_IRQHandler
                0x08000b98                EXTI15_10_IRQHandler
                0x08000b98                BDMA_CH4_IRQHandler
                0x08000b98                DMA_STR3_IRQHandler
                0x08000b98                HRTIM_TIME_IRQHandler
                0x08000b98                HRTIM1_TIMA_IRQHandler
                0x08000b98                SPI5_IRQHandler
                0x08000b98                TIM7_IRQHandler
                0x08000b98                SDMMC1_IRQHandler
                0x08000b98                TIM5_IRQHandler
                0x08000b98                SPDIF_IRQHandler
                0x08000b98                TIM15_IRQHandler
                0x08000b98                I2C3_EV_IRQHandler
                0x08000b98                EXTI9_5_IRQHandler
                0x08000b98                DMA2_STR4_IRQHandler
                0x08000b98                RTC_WKUP_IRQHandler
                0x08000b98                DMA2_STR6_IRQHandler
                0x08000b98                LTDC_IRQHandler
                0x08000b98                SAI3_IRQHandler
                0x08000b98                ETH_WKUP_IRQHandler
                0x08000b98                PVD_PVM_IRQHandler
                0x08000b98                SPI2_IRQHandler
                0x08000b98                OTG_HS_EP1_IN_IRQHandler
                0x08000b98                MemManage_Handler
                0x08000b98                DMA2_STR0_IRQHandler
                0x08000b98                SVC_Handler
                0x08000b98                CRS_IRQHandler
                0x08000b98                EXTI4_IRQHandler
                0x08000b98                DMAMUX1_OV_IRQHandler
                0x08000b98                FDCAN2_IT1_IRQHandler
                0x08000b98                DMA_STR4_IRQHandler
                0x08000b98                COMP_IRQHandler
                0x08000b98                DMA2_STR2_IRQHandler
                0x08000b98                ETH_IRQHandler
                0x08000b98                TIM1_UP_IRQHandler
                0x08000b98                DMA2_STR7_IRQHandler
                0x08000b98                OTG_HS_EP1_OUT_IRQHandler
                0x08000b98                SPI6_IRQHandler
                0x08000b98                MDIOS_IRQHandler
                0x08000b98                I2C4_EV_IRQHandler
                0x08000b98                FDCAN2_IT0_IRQHandler
                0x08000b98                BDMA_CH7_IRQHandler
                0x08000b98                FDCAN1_IT0_IRQHandler
                0x08000b98                HSEM0_IRQHandler
                0x08000b98                OTG_FS_WKUP_IRQHandler
                0x08000b98                OTG_HS_IRQHandler
                0x08000b98                DMA2D_IRQHandler
                0x08000b98                TIM1_BRK_IRQHandler
                0x08000b98                EXTI1_IRQHandler
                0x08000b98                WWDG2_RST_IRQHandler
                0x08000b98                OTG_FS_EP1_OUT_IRQHandler
                0x08000b98                HOLD_CORE_IRQHandler
                0x08000b98                UART7_IRQHandler
                0x08000b98                MDIOS_WKUP_IRQHandler
                0x08000b98                USART2_IRQHandler
                0x08000b98                DFSDM1_FLT0_IRQHandler
                0x08000b98                SAI4_IRQHandler
                0x08000b98                I2C2_ER_IRQHandler
                0x08000b98                FLASH_IRQHandler
                0x08000b98                WWDG1_IRQHandler
                0x08000b98                BusFault_Handler
                0x08000b98                USART1_IRQHandler
                0x08000b98                OTG_FS_IRQHandler
                0x08000b98                SPI3_IRQHandler
                0x08000b98                OTG_FS_EP1_IN_IRQHandler
                0x08000b98                I2C1_ER_IRQHandler
                0x08000b98                FMC_IRQHandler
                0x08000b98                BDMA_CH1_IRQHandler
                0x08000b98                FDCAN_CAL_IRQHandler
                0x08000b98                SWPMI1_IRQHandler
                0x08000b98                LPTIM1_IRQHandler
                0x08000b98                BDMA_CH8_IRQHandler
                0x08000b98                cm4_sev_it_IRQHandler
                0x08000b98                TIM_CC_IRQHandler
                0x08000b98                I2C4_ER_IRQHandler
                0x08000b98                SAI1_IRQHandler
                0x08000b98                RTC_TAMP_STAMP_CSS_LSE_IRQHandler
 *fill*         0x08000b9a        0x2 
 .text.__libc_init_array
                0x08000b9c       0x48 C:/ST/STM32CubeIDE_1.18.1/STM32CubeIDE/plugins/com.st.stm32cube.ide.mcu.externaltools.gnu-tools-for-stm32.13.3.rel1.win32_1.0.0.202411081344/tools/bin/../lib/gcc/arm-none-eabi/13.3.1/../../../../arm-none-eabi/lib/thumb/v7e-m+dp/softfp\libc_nano.a(libc_a-init.o)
                0x08000b9c                __libc_init_array
 *(.glue_7)
 .glue_7        0x08000be4        0x0 linker stubs
 *(.glue_7t)
 .glue_7t       0x08000be4        0x0 linker stubs
 *(.eh_frame)
 .eh_frame      0x08000be4        0x0 C:/ST/STM32CubeIDE_1.18.1/STM32CubeIDE/plugins/com.st.stm32cube.ide.mcu.externaltools.gnu-tools-for-stm32.13.3.rel1.win32_1.0.0.202411081344/tools/bin/../lib/gcc/arm-none-eabi/13.3.1/thumb/v7e-m+dp/softfp/crtbegin.o
 *(.init)
 .init          0x08000be4        0x4 C:/ST/STM32CubeIDE_1.18.1/STM32CubeIDE/plugins/com.st.stm32cube.ide.mcu.externaltools.gnu-tools-for-stm32.13.3.rel1.win32_1.0.0.202411081344/tools/bin/../lib/gcc/arm-none-eabi/13.3.1/thumb/v7e-m+dp/softfp/crti.o
                0x08000be4                _init
 .init          0x08000be8        0x8 C:/ST/STM32CubeIDE_1.18.1/STM32CubeIDE/plugins/com.st.stm32cube.ide.mcu.externaltools.gnu-tools-for-stm32.13.3.rel1.win32_1.0.0.202411081344/tools/bin/../lib/gcc/arm-none-eabi/13.3.1/thumb/v7e-m+dp/softfp/crtn.o
 *(.fini)
 .fini          0x08000bf0        0x4 C:/ST/STM32CubeIDE_1.18.1/STM32CubeIDE/plugins/com.st.stm32cube.ide.mcu.externaltools.gnu-tools-for-stm32.13.3.rel1.win32_1.0.0.202411081344/tools/bin/../lib/gcc/arm-none-eabi/13.3.1/thumb/v7e-m+dp/softfp/crti.o
                0x08000bf0                _fini
 .fini          0x08000bf4        0x8 C:/ST/STM32CubeIDE_1.18.1/STM32CubeIDE/plugins/com.st.stm32cube.ide.mcu.externaltools.gnu-tools-for-stm32.13.3.rel1.win32_1.0.0.202411081344/tools/bin/../lib/gcc/arm-none-eabi/13.3.1/thumb/v7e-m+dp/softfp/crtn.o
                0x08000bfc                        . = ALIGN (0x4)
                0x08000bfc                        _etext = .

.vfp11_veneer   0x08000bfc        0x0
 .vfp11_veneer  0x08000bfc        0x0 linker stubs

.v4_bx          0x08000bfc        0x0
 .v4_bx         0x08000bfc        0x0 linker stubs

.iplt           0x08000bfc        0x0
 .iplt          0x08000bfc        0x0 C:/ST/STM32CubeIDE_1.18.1/STM32CubeIDE/plugins/com.st.stm32cube.ide.mcu.externaltools.gnu-tools-for-stm32.13.3.rel1.win32_1.0.0.202411081344/tools/bin/../lib/gcc/arm-none-eabi/13.3.1/thumb/v7e-m+dp/softfp/crtbegin.o

.rodata         0x08000bfc        0x0
                0x08000bfc                        . = ALIGN (0x4)
 *(.rodata)
 *(.rodata*)
                0x08000bfc                        . = ALIGN (0x4)

.ARM.extab      0x08000bfc        0x0
                0x08000bfc                        . = ALIGN (0x4)
 *(.ARM.extab* .gnu.linkonce.armextab.*)
                0x08000bfc                        . = ALIGN (0x4)

.ARM            0x08000bfc        0x0
                0x08000bfc                        . = ALIGN (0x4)
                0x08000bfc                        __exidx_start = .
 *(.ARM.exidx*)
                0x08000bfc                        __exidx_end = .
                0x08000bfc                        . = ALIGN (0x4)

.preinit_array  0x08000bfc        0x0
                0x08000bfc                        . = ALIGN (0x4)
                0x08000bfc                        PROVIDE (__preinit_array_start = .)
 *(.preinit_array*)
                0x08000bfc                        PROVIDE (__preinit_array_end = .)
                0x08000bfc                        . = ALIGN (0x4)

.init_array     0x08000bfc        0x4
                0x08000bfc                        . = ALIGN (0x4)
                0x08000bfc                        PROVIDE (__init_array_start = .)
 *(SORT_BY_NAME(.init_array.*))
 *(.init_array*)
 .init_array    0x08000bfc        0x4 C:/ST/STM32CubeIDE_1.18.1/STM32CubeIDE/plugins/com.st.stm32cube.ide.mcu.externaltools.gnu-tools-for-stm32.13.3.rel1.win32_1.0.0.202411081344/tools/bin/../lib/gcc/arm-none-eabi/13.3.1/thumb/v7e-m+dp/softfp/crtbegin.o
                0x08000c00                        PROVIDE (__init_array_end = .)
                0x08000c00                        . = ALIGN (0x4)

.fini_array     0x08000c00        0x4
                0x08000c00                        . = ALIGN (0x4)
                [!provide]                        PROVIDE (__fini_array_start = .)
 *(SORT_BY_NAME(.fini_array.*))
 *(.fini_array*)
 .fini_array    0x08000c00        0x4 C:/ST/STM32CubeIDE_1.18.1/STM32CubeIDE/plugins/com.st.stm32cube.ide.mcu.externaltools.gnu-tools-for-stm32.13.3.rel1.win32_1.0.0.202411081344/tools/bin/../lib/gcc/arm-none-eabi/13.3.1/thumb/v7e-m+dp/softfp/crtbegin.o
                [!provide]                        PROVIDE (__fini_array_end = .)
                0x08000c04                        . = ALIGN (0x4)
                0x08000c04                        _sidata = LOADADDR (.data)

.rel.dyn        0x08000c04        0x0
 .rel.iplt      0x08000c04        0x0 C:/ST/STM32CubeIDE_1.18.1/STM32CubeIDE/plugins/com.st.stm32cube.ide.mcu.externaltools.gnu-tools-for-stm32.13.3.rel1.win32_1.0.0.202411081344/tools/bin/../lib/gcc/arm-none-eabi/13.3.1/thumb/v7e-m+dp/softfp/crtbegin.o

.data           0x24000000        0x0 load address 0x08000c04
                0x24000000                        . = ALIGN (0x4)
                0x24000000                        _sdata = .
 *(.data)
 *(.data*)
 *(.RamFunc)
 *(.RamFunc*)
                0x24000000                        . = ALIGN (0x4)
                0x24000000                        _edata = .

.igot.plt       0x24000000        0x0 load address 0x08000c04
 .igot.plt      0x24000000        0x0 C:/ST/STM32CubeIDE_1.18.1/STM32CubeIDE/plugins/com.st.stm32cube.ide.mcu.externaltools.gnu-tools-for-stm32.13.3.rel1.win32_1.0.0.202411081344/tools/bin/../lib/gcc/arm-none-eabi/13.3.1/thumb/v7e-m+dp/softfp/crtbegin.o
                0x24000000                        . = ALIGN (0x4)

.bss            0x24000000       0x20 load address 0x08000c04
                0x24000000                        _sbss = .
                0x24000000                        __bss_start__ = _sbss
 *(.bss)
 .bss           0x24000000       0x1c C:/ST/STM32CubeIDE_1.18.1/STM32CubeIDE/plugins/com.st.stm32cube.ide.mcu.externaltools.gnu-tools-for-stm32.13.3.rel1.win32_1.0.0.202411081344/tools/bin/../lib/gcc/arm-none-eabi/13.3.1/thumb/v7e-m+dp/softfp/crtbegin.o
 *(.bss*)
 .bss.rngIntrpt_g
                0x2400001c        0x1 ./Inc/board_functions.o
                0x2400001c                rngIntrpt_g
 .bss.tim3Intrpt_g
                0x2400001d        0x1 ./Inc/board_functions.o
                0x2400001d                tim3Intrpt_g
 .bss.tim2Intrpt_g
                0x2400001e        0x1 ./Inc/board_functions.o
                0x2400001e                tim2Intrpt_g
 *(COMMON)
                0x24000020                        . = ALIGN (0x4)
 *fill*         0x2400001f        0x1 
                0x24000020                        _ebss = .
                0x24000020                        __bss_end__ = _ebss

._user_heap_stack
                0x24000020      0x600 load address 0x08000c04
                0x24000020                        . = ALIGN (0x8)
                [!provide]                        PROVIDE (end = .)
                0x24000020                        PROVIDE (_end = .)
                0x24000220                        . = (. + _Min_Heap_Size)
 *fill*         0x24000020      0x200 
                0x24000620                        . = (. + _Min_Stack_Size)
 *fill*         0x24000220      0x400 
                0x24000620                        . = ALIGN (0x8)

/DISCARD/
 libc.a(*)
 libm.a(*)
 libgcc.a(*)

.ARM.attributes
                0x00000000       0x2c
 *(.ARM.attributes)
 .ARM.attributes
                0x00000000       0x20 C:/ST/STM32CubeIDE_1.18.1/STM32CubeIDE/plugins/com.st.stm32cube.ide.mcu.externaltools.gnu-tools-for-stm32.13.3.rel1.win32_1.0.0.202411081344/tools/bin/../lib/gcc/arm-none-eabi/13.3.1/thumb/v7e-m+dp/softfp/crti.o
 .ARM.attributes
                0x00000020       0x30 C:/ST/STM32CubeIDE_1.18.1/STM32CubeIDE/plugins/com.st.stm32cube.ide.mcu.externaltools.gnu-tools-for-stm32.13.3.rel1.win32_1.0.0.202411081344/tools/bin/../lib/gcc/arm-none-eabi/13.3.1/thumb/v7e-m+dp/softfp/crtbegin.o
 .ARM.attributes
                0x00000050       0x2c ./Inc/LCD_draw_lib.o
 .ARM.attributes
                0x0000007c       0x2c ./Inc/LCD_out.o
 .ARM.attributes
                0x000000a8       0x2c ./Inc/board.o
 .ARM.attributes
                0x000000d4       0x2c ./Inc/board_functions.o
 .ARM.attributes
                0x00000100       0x2c ./Src/main.o
 .ARM.attributes
                0x0000012c       0x21 ./Startup/startup_stm32h755zitx.o
 .ARM.attributes
                0x0000014d       0x30 C:/ST/STM32CubeIDE_1.18.1/STM32CubeIDE/plugins/com.st.stm32cube.ide.mcu.externaltools.gnu-tools-for-stm32.13.3.rel1.win32_1.0.0.202411081344/tools/bin/../lib/gcc/arm-none-eabi/13.3.1/../../../../arm-none-eabi/lib/thumb/v7e-m+dp/softfp\libc_nano.a(libc_a-init.o)
 .ARM.attributes
                0x0000017d       0x20 C:/ST/STM32CubeIDE_1.18.1/STM32CubeIDE/plugins/com.st.stm32cube.ide.mcu.externaltools.gnu-tools-for-stm32.13.3.rel1.win32_1.0.0.202411081344/tools/bin/../lib/gcc/arm-none-eabi/13.3.1/thumb/v7e-m+dp/softfp/crtn.o
OUTPUT(H755_ILI9341_CM7.elf elf32-littlearm)
LOAD linker stubs
LOAD C:/ST/STM32CubeIDE_1.18.1/STM32CubeIDE/plugins/com.st.stm32cube.ide.mcu.externaltools.gnu-tools-for-stm32.13.3.rel1.win32_1.0.0.202411081344/tools/bin/../lib/gcc/arm-none-eabi/13.3.1/../../../../arm-none-eabi/lib/thumb/v7e-m+dp/softfp\libc.a
LOAD C:/ST/STM32CubeIDE_1.18.1/STM32CubeIDE/plugins/com.st.stm32cube.ide.mcu.externaltools.gnu-tools-for-stm32.13.3.rel1.win32_1.0.0.202411081344/tools/bin/../lib/gcc/arm-none-eabi/13.3.1/../../../../arm-none-eabi/lib/thumb/v7e-m+dp/softfp\libm.a
LOAD C:/ST/STM32CubeIDE_1.18.1/STM32CubeIDE/plugins/com.st.stm32cube.ide.mcu.externaltools.gnu-tools-for-stm32.13.3.rel1.win32_1.0.0.202411081344/tools/bin/../lib/gcc/arm-none-eabi/13.3.1/thumb/v7e-m+dp/softfp\libgcc.a

.debug_info     0x00000000     0x35e4
 .debug_info    0x00000000     0x1323 ./Inc/LCD_draw_lib.o
 .debug_info    0x00001323      0x324 ./Inc/LCD_out.o
 .debug_info    0x00001647      0xe82 ./Inc/board.o
 .debug_info    0x000024c9      0xdc9 ./Inc/board_functions.o
 .debug_info    0x00003292      0x322 ./Src/main.o
 .debug_info    0x000035b4       0x30 ./Startup/startup_stm32h755zitx.o

.debug_abbrev   0x00000000      0x815
 .debug_abbrev  0x00000000      0x235 ./Inc/LCD_draw_lib.o
 .debug_abbrev  0x00000235      0x13e ./Inc/LCD_out.o
 .debug_abbrev  0x00000373      0x147 ./Inc/board.o
 .debug_abbrev  0x000004ba      0x261 ./Inc/board_functions.o
 .debug_abbrev  0x0000071b       0xd6 ./Src/main.o
 .debug_abbrev  0x000007f1       0x24 ./Startup/startup_stm32h755zitx.o

.debug_loclists
                0x00000000      0x8ad
 .debug_loclists
                0x00000000      0x762 ./Inc/LCD_draw_lib.o
 .debug_loclists
                0x00000762       0x45 ./Inc/board.o
 .debug_loclists
                0x000007a7       0xd5 ./Inc/board_functions.o
 .debug_loclists
                0x0000087c       0x31 ./Src/main.o

.debug_aranges  0x00000000      0x140
 .debug_aranges
                0x00000000       0x50 ./Inc/LCD_draw_lib.o
 .debug_aranges
                0x00000050       0x28 ./Inc/LCD_out.o
 .debug_aranges
                0x00000078       0x38 ./Inc/board.o
 .debug_aranges
                0x000000b0       0x48 ./Inc/board_functions.o
 .debug_aranges
                0x000000f8       0x20 ./Src/main.o
 .debug_aranges
                0x00000118       0x28 ./Startup/startup_stm32h755zitx.o

.debug_rnglists
                0x00000000      0x180
 .debug_rnglists
                0x00000000       0xcb ./Inc/LCD_draw_lib.o
 .debug_rnglists
                0x000000cb       0x1a ./Inc/LCD_out.o
 .debug_rnglists
                0x000000e5       0x27 ./Inc/board.o
 .debug_rnglists
                0x0000010c       0x31 ./Inc/board_functions.o
 .debug_rnglists
                0x0000013d       0x2a ./Src/main.o
 .debug_rnglists
                0x00000167       0x19 ./Startup/startup_stm32h755zitx.o

.debug_macro    0x00000000    0x2acd0
 .debug_macro   0x00000000      0x1c9 ./Inc/LCD_draw_lib.o
 .debug_macro   0x000001c9      0xb26 ./Inc/LCD_draw_lib.o
 .debug_macro   0x00000cef       0x2e ./Inc/LCD_draw_lib.o
 .debug_macro   0x00000d1d       0x49 ./Inc/LCD_draw_lib.o
 .debug_macro   0x00000d66       0x22 ./Inc/LCD_draw_lib.o
 .debug_macro   0x00000d88       0x8e ./Inc/LCD_draw_lib.o
 .debug_macro   0x00000e16       0x51 ./Inc/LCD_draw_lib.o
 .debug_macro   0x00000e67      0x103 ./Inc/LCD_draw_lib.o
 .debug_macro   0x00000f6a       0x6a ./Inc/LCD_draw_lib.o
 .debug_macro   0x00000fd4      0x1df ./Inc/LCD_draw_lib.o
 .debug_macro   0x000011b3       0x1c ./Inc/LCD_draw_lib.o
 .debug_macro   0x000011cf       0x22 ./Inc/LCD_draw_lib.o
 .debug_macro   0x000011f1       0xfb ./Inc/LCD_draw_lib.o
 .debug_macro   0x000012ec     0x1011 ./Inc/LCD_draw_lib.o
 .debug_macro   0x000022fd      0x11f ./Inc/LCD_draw_lib.o
 .debug_macro   0x0000241c    0x276b0 ./Inc/LCD_draw_lib.o
 .debug_macro   0x00029acc       0x6d ./Inc/LCD_draw_lib.o
 .debug_macro   0x00029b39       0x61 ./Inc/LCD_draw_lib.o
 .debug_macro   0x00029b9a       0x29 ./Inc/LCD_draw_lib.o
 .debug_macro   0x00029bc3       0x43 ./Inc/LCD_draw_lib.o
 .debug_macro   0x00029c06       0x34 ./Inc/LCD_draw_lib.o
 .debug_macro   0x00029c3a      0x190 ./Inc/LCD_draw_lib.o
 .debug_macro   0x00029dca      0x370 ./Inc/LCD_draw_lib.o
 .debug_macro   0x0002a13a       0x16 ./Inc/LCD_draw_lib.o
 .debug_macro   0x0002a150       0x4a ./Inc/LCD_draw_lib.o
 .debug_macro   0x0002a19a       0x34 ./Inc/LCD_draw_lib.o
 .debug_macro   0x0002a1ce       0x10 ./Inc/LCD_draw_lib.o
 .debug_macro   0x0002a1de       0x58 ./Inc/LCD_draw_lib.o
 .debug_macro   0x0002a236       0x8e ./Inc/LCD_draw_lib.o
 .debug_macro   0x0002a2c4       0x1c ./Inc/LCD_draw_lib.o
 .debug_macro   0x0002a2e0      0x185 ./Inc/LCD_draw_lib.o
 .debug_macro   0x0002a465      0x19b ./Inc/LCD_draw_lib.o
 .debug_macro   0x0002a600      0x1bf ./Inc/LCD_out.o
 .debug_macro   0x0002a7bf      0x18d ./Inc/board.o
 .debug_macro   0x0002a94c      0x197 ./Inc/board_functions.o
 .debug_macro   0x0002aae3      0x1ed ./Src/main.o

.debug_line     0x00000000     0x363b
 .debug_line    0x00000000     0x110c ./Inc/LCD_draw_lib.o
 .debug_line    0x0000110c      0x7fe ./Inc/LCD_out.o
 .debug_line    0x0000190a      0xaf1 ./Inc/board.o
 .debug_line    0x000023fb      0x9ea ./Inc/board_functions.o
 .debug_line    0x00002de5      0x7db ./Src/main.o
 .debug_line    0x000035c0       0x7b ./Startup/startup_stm32h755zitx.o

.debug_str      0x00000000    0xf35c2
 .debug_str     0x00000000    0xf35c2 ./Inc/LCD_draw_lib.o
                              0xf29c7 (size before relaxing)
 .debug_str     0x000f35c2    0xf2878 ./Inc/LCD_out.o
 .debug_str     0x000f35c2    0xf2d02 ./Inc/board.o
 .debug_str     0x000f35c2    0xf3398 ./Inc/board_functions.o
 .debug_str     0x000f35c2    0xf287f ./Src/main.o
 .debug_str     0x000f35c2       0x83 ./Startup/startup_stm32h755zitx.o

.comment        0x00000000       0x43
 .comment       0x00000000       0x43 ./Inc/LCD_draw_lib.o
                                 0x44 (size before relaxing)
 .comment       0x00000043       0x44 ./Inc/LCD_out.o
 .comment       0x00000043       0x44 ./Inc/board.o
 .comment       0x00000043       0x44 ./Inc/board_functions.o
 .comment       0x00000043       0x44 ./Src/main.o

.debug_frame    0x00000000      0x29c
 .debug_frame   0x00000000       0xf4 ./Inc/LCD_draw_lib.o
 .debug_frame   0x000000f4       0x40 ./Inc/LCD_out.o
 .debug_frame   0x00000134       0x78 ./Inc/board.o
 .debug_frame   0x000001ac       0x90 ./Inc/board_functions.o
 .debug_frame   0x0000023c       0x34 ./Src/main.o
 .debug_frame   0x00000270       0x2c C:/ST/STM32CubeIDE_1.18.1/STM32CubeIDE/plugins/com.st.stm32cube.ide.mcu.externaltools.gnu-tools-for-stm32.13.3.rel1.win32_1.0.0.202411081344/tools/bin/../lib/gcc/arm-none-eabi/13.3.1/../../../../arm-none-eabi/lib/thumb/v7e-m+dp/softfp\libc_nano.a(libc_a-init.o)

.debug_line_str
                0x00000000       0x67
 .debug_line_str
                0x00000000       0x67 ./Startup/startup_stm32h755zitx.o
